﻿  Determinando los proyectos que se van a restaurar...
  Todos los proyectos est├ín actualizados para la restauraci├│n.
C:\Program Files\dotnet\sdk\10.0.300-preview.0.26177.108\Sdks\Microsoft.NET.Sdk\targets\Microsoft.NET.RuntimeIdentifierInference.targets(383,5): message NETSDK1057: Est├í usando una versi├│n preliminar de .NET. Visite: https://aka.ms/dotnet-support-policy [C:\Users\nancy\source\repos\AutoShift\AutoShift\AutoShift.csproj::TargetFramework=net9.0-android]
C:\Program Files\dotnet\sdk\10.0.300-preview.0.26177.108\Sdks\Microsoft.NET.Sdk\targets\Microsoft.NET.RuntimeIdentifierInference.targets(383,5): message NETSDK1057: Est├í usando una versi├│n preliminar de .NET. Visite: https://aka.ms/dotnet-support-policy [C:\Users\nancy\source\repos\AutoShift\AutoShift\AutoShift.csproj::TargetFramework=net9.0-maccatalyst]
C:\Program Files\dotnet\sdk\10.0.300-preview.0.26177.108\Sdks\Microsoft.NET.Sdk\targets\Microsoft.NET.RuntimeIdentifierInference.targets(383,5): message NETSDK1057: Est├í usando una versi├│n preliminar de .NET. Visite: https://aka.ms/dotnet-support-policy [C:\Users\nancy\source\repos\AutoShift\AutoShift\AutoShift.csproj::TargetFramework=net9.0-ios]
C:\Program Files\dotnet\sdk\10.0.300-preview.0.26177.108\Sdks\Microsoft.NET.Sdk\targets\Microsoft.NET.RuntimeIdentifierInference.targets(383,5): message NETSDK1057: Est├í usando una versi├│n preliminar de .NET. Visite: https://aka.ms/dotnet-support-policy [C:\Users\nancy\source\repos\AutoShift\AutoShift\AutoShift.csproj::TargetFramework=net9.0-windows10.0.19041.0]
C:\Users\nancy\source\repos\AutoShift\AutoShift\Views\CotizacionPage.xaml(133,9): XamlC warning XC0045: Binding: Property "BindingContext" not found on "AutoShift.Models.DetalleServicio". [C:\Users\nancy\source\repos\AutoShift\AutoShift\AutoShift.csproj::TargetFramework=net9.0-maccatalyst]
C:\Users\nancy\source\repos\AutoShift\AutoShift\Views\CotizacionPage.xaml(133,9): XamlC warning XC0045: Binding: Property "BindingContext" not found on "AutoShift.Models.DetalleServicio". [C:\Users\nancy\source\repos\AutoShift\AutoShift\AutoShift.csproj::TargetFramework=net9.0-ios]
C:\Users\nancy\source\repos\AutoShift\AutoShift\Views\DiagnosticoPage.xaml(114,73): XamlC warning XC0045: Binding: Property "BindingContext" not found on "AutoShift.Models.Taller". [C:\Users\nancy\source\repos\AutoShift\AutoShift\AutoShift.csproj::TargetFramework=net9.0-maccatalyst]
C:\Users\nancy\source\repos\AutoShift\AutoShift\Views\MainClientePage.xaml(131,45): XamlC warning XC0045: Binding: Property "BindingContext" not found on "AutoShift.Models.Taller". [C:\Users\nancy\source\repos\AutoShift\AutoShift\AutoShift.csproj::TargetFramework=net9.0-maccatalyst]
C:\Users\nancy\source\repos\AutoShift\AutoShift\Views\MainTallerPage.xaml(46,14): XamlC error XC0000: Cannot resolve type "http://schemas.microsoft.com/dotnet/2022/maui/toolkit:toolkit:TabViewItem". [C:\Users\nancy\source\repos\AutoShift\AutoShift\AutoShift.csproj::TargetFramework=net9.0-maccatalyst]
C:\Users\nancy\source\repos\AutoShift\AutoShift\Views\MisSolicitudesPage.xaml(21,14): XamlC error XC0000: Cannot resolve type "http://schemas.microsoft.com/dotnet/2022/maui/toolkit:toolkit:TabViewItem". [C:\Users\nancy\source\repos\AutoShift\AutoShift\AutoShift.csproj::TargetFramework=net9.0-maccatalyst]
C:\Users\nancy\source\repos\AutoShift\AutoShift\Views\DiagnosticoPage.xaml(114,73): XamlC warning XC0045: Binding: Property "BindingContext" not found on "AutoShift.Models.Taller". [C:\Users\nancy\source\repos\AutoShift\AutoShift\AutoShift.csproj::TargetFramework=net9.0-ios]
C:\Users\nancy\source\repos\AutoShift\AutoShift\Views\VehiculosPage.xaml(160,56): XamlC warning XC0045: Binding: Property "BindingContext" not found on "AutoShift.Models.Vehiculo". [C:\Users\nancy\source\repos\AutoShift\AutoShift\AutoShift.csproj::TargetFramework=net9.0-maccatalyst]
C:\Users\nancy\source\repos\AutoShift\AutoShift\Views\VehiculosPage.xaml(164,56): XamlC warning XC0045: Binding: Property "BindingContext" not found on "AutoShift.Models.Vehiculo". [C:\Users\nancy\source\repos\AutoShift\AutoShift\AutoShift.csproj::TargetFramework=net9.0-maccatalyst]
C:\Users\nancy\source\repos\AutoShift\AutoShift\Views\MainClientePage.xaml(131,45): XamlC warning XC0045: Binding: Property "BindingContext" not found on "AutoShift.Models.Taller". [C:\Users\nancy\source\repos\AutoShift\AutoShift\AutoShift.csproj::TargetFramework=net9.0-ios]
C:\Users\nancy\source\repos\AutoShift\AutoShift\Views\MainTallerPage.xaml(46,14): XamlC error XC0000: Cannot resolve type "http://schemas.microsoft.com/dotnet/2022/maui/toolkit:toolkit:TabViewItem". [C:\Users\nancy\source\repos\AutoShift\AutoShift\AutoShift.csproj::TargetFramework=net9.0-ios]
C:\Users\nancy\source\repos\AutoShift\AutoShift\Views\MisSolicitudesPage.xaml(21,14): XamlC error XC0000: Cannot resolve type "http://schemas.microsoft.com/dotnet/2022/maui/toolkit:toolkit:TabViewItem". [C:\Users\nancy\source\repos\AutoShift\AutoShift\AutoShift.csproj::TargetFramework=net9.0-ios]
C:\Users\nancy\source\repos\AutoShift\AutoShift\Views\VehiculosPage.xaml(160,56): XamlC warning XC0045: Binding: Property "BindingContext" not found on "AutoShift.Models.Vehiculo". [C:\Users\nancy\source\repos\AutoShift\AutoShift\AutoShift.csproj::TargetFramework=net9.0-ios]
C:\Users\nancy\source\repos\AutoShift\AutoShift\Views\VehiculosPage.xaml(164,56): XamlC warning XC0045: Binding: Property "BindingContext" not found on "AutoShift.Models.Vehiculo". [C:\Users\nancy\source\repos\AutoShift\AutoShift\AutoShift.csproj::TargetFramework=net9.0-ios]
C:\Users\nancy\source\repos\AutoShift\AutoShift\Views\CotizacionPage.xaml(133,9): XamlC warning XC0045: Binding: Property "BindingContext" not found on "AutoShift.Models.DetalleServicio". [C:\Users\nancy\source\repos\AutoShift\AutoShift\AutoShift.csproj::TargetFramework=net9.0-android]
C:\Users\nancy\source\repos\AutoShift\AutoShift\Views\DiagnosticoPage.xaml(114,73): XamlC warning XC0045: Binding: Property "BindingContext" not found on "AutoShift.Models.Taller". [C:\Users\nancy\source\repos\AutoShift\AutoShift\AutoShift.csproj::TargetFramework=net9.0-android]
C:\Users\nancy\source\repos\AutoShift\AutoShift\Views\MainClientePage.xaml(131,45): XamlC warning XC0045: Binding: Property "BindingContext" not found on "AutoShift.Models.Taller". [C:\Users\nancy\source\repos\AutoShift\AutoShift\AutoShift.csproj::TargetFramework=net9.0-android]
C:\Users\nancy\source\repos\AutoShift\AutoShift\Views\MainTallerPage.xaml(46,14): XamlC error XC0000: Cannot resolve type "http://schemas.microsoft.com/dotnet/2022/maui/toolkit:toolkit:TabViewItem". [C:\Users\nancy\source\repos\AutoShift\AutoShift\AutoShift.csproj::TargetFramework=net9.0-android]
C:\Users\nancy\source\repos\AutoShift\AutoShift\Views\MisSolicitudesPage.xaml(21,14): XamlC error XC0000: Cannot resolve type "http://schemas.microsoft.com/dotnet/2022/maui/toolkit:toolkit:TabViewItem". [C:\Users\nancy\source\repos\AutoShift\AutoShift\AutoShift.csproj::TargetFramework=net9.0-android]
C:\Users\nancy\source\repos\AutoShift\AutoShift\Views\CotizacionPage.xaml(133,9): XamlC warning XC0045: Binding: Property "BindingContext" not found on "AutoShift.Models.DetalleServicio". [C:\Users\nancy\source\repos\AutoShift\AutoShift\AutoShift.csproj::TargetFramework=net9.0-windows10.0.19041.0]
C:\Users\nancy\source\repos\AutoShift\AutoShift\Views\DiagnosticoPage.xaml(114,73): XamlC warning XC0045: Binding: Property "BindingContext" not found on "AutoShift.Models.Taller". [C:\Users\nancy\source\repos\AutoShift\AutoShift\AutoShift.csproj::TargetFramework=net9.0-windows10.0.19041.0]
C:\Users\nancy\source\repos\AutoShift\AutoShift\Views\VehiculosPage.xaml(160,56): XamlC warning XC0045: Binding: Property "BindingContext" not found on "AutoShift.Models.Vehiculo". [C:\Users\nancy\source\repos\AutoShift\AutoShift\AutoShift.csproj::TargetFramework=net9.0-android]
C:\Users\nancy\source\repos\AutoShift\AutoShift\Views\VehiculosPage.xaml(164,56): XamlC warning XC0045: Binding: Property "BindingContext" not found on "AutoShift.Models.Vehiculo". [C:\Users\nancy\source\repos\AutoShift\AutoShift\AutoShift.csproj::TargetFramework=net9.0-android]
C:\Users\nancy\source\repos\AutoShift\AutoShift\Views\MainClientePage.xaml(131,45): XamlC warning XC0045: Binding: Property "BindingContext" not found on "AutoShift.Models.Taller". [C:\Users\nancy\source\repos\AutoShift\AutoShift\AutoShift.csproj::TargetFramework=net9.0-windows10.0.19041.0]
C:\Users\nancy\source\repos\AutoShift\AutoShift\Views\MainTallerPage.xaml(46,14): XamlC error XC0000: Cannot resolve type "http://schemas.microsoft.com/dotnet/2022/maui/toolkit:toolkit:TabViewItem". [C:\Users\nancy\source\repos\AutoShift\AutoShift\AutoShift.csproj::TargetFramework=net9.0-windows10.0.19041.0]
C:\Users\nancy\source\repos\AutoShift\AutoShift\Views\MisSolicitudesPage.xaml(21,14): XamlC error XC0000: Cannot resolve type "http://schemas.microsoft.com/dotnet/2022/maui/toolkit:toolkit:TabViewItem". [C:\Users\nancy\source\repos\AutoShift\AutoShift\AutoShift.csproj::TargetFramework=net9.0-windows10.0.19041.0]
C:\Users\nancy\source\repos\AutoShift\AutoShift\Views\VehiculosPage.xaml(160,56): XamlC warning XC0045: Binding: Property "BindingContext" not found on "AutoShift.Models.Vehiculo". [C:\Users\nancy\source\repos\AutoShift\AutoShift\AutoShift.csproj::TargetFramework=net9.0-windows10.0.19041.0]
C:\Users\nancy\source\repos\AutoShift\AutoShift\Views\VehiculosPage.xaml(164,56): XamlC warning XC0045: Binding: Property "BindingContext" not found on "AutoShift.Models.Vehiculo". [C:\Users\nancy\source\repos\AutoShift\AutoShift\AutoShift.csproj::TargetFramework=net9.0-windows10.0.19041.0]

ERROR al compilar.

C:\Users\nancy\source\repos\AutoShift\AutoShift\Views\CotizacionPage.xaml(133,9): XamlC warning XC0045: Binding: Property "BindingContext" not found on "AutoShift.Models.DetalleServicio". [C:\Users\nancy\source\repos\AutoShift\AutoShift\AutoShift.csproj::TargetFramework=net9.0-maccatalyst]
C:\Users\nancy\source\repos\AutoShift\AutoShift\Views\CotizacionPage.xaml(133,9): XamlC warning XC0045: Binding: Property "BindingContext" not found on "AutoShift.Models.DetalleServicio". [C:\Users\nancy\source\repos\AutoShift\AutoShift\AutoShift.csproj::TargetFramework=net9.0-ios]
C:\Users\nancy\source\repos\AutoShift\AutoShift\Views\DiagnosticoPage.xaml(114,73): XamlC warning XC0045: Binding: Property "BindingContext" not found on "AutoShift.Models.Taller". [C:\Users\nancy\source\repos\AutoShift\AutoShift\AutoShift.csproj::TargetFramework=net9.0-maccatalyst]
C:\Users\nancy\source\repos\AutoShift\AutoShift\Views\MainClientePage.xaml(131,45): XamlC warning XC0045: Binding: Property "BindingContext" not found on "AutoShift.Models.Taller". [C:\Users\nancy\source\repos\AutoShift\AutoShift\AutoShift.csproj::TargetFramework=net9.0-maccatalyst]
C:\Users\nancy\source\repos\AutoShift\AutoShift\Views\DiagnosticoPage.xaml(114,73): XamlC warning XC0045: Binding: Property "BindingContext" not found on "AutoShift.Models.Taller". [C:\Users\nancy\source\repos\AutoShift\AutoShift\AutoShift.csproj::TargetFramework=net9.0-ios]
C:\Users\nancy\source\repos\AutoShift\AutoShift\Views\VehiculosPage.xaml(160,56): XamlC warning XC0045: Binding: Property "BindingContext" not found on "AutoShift.Models.Vehiculo". [C:\Users\nancy\source\repos\AutoShift\AutoShift\AutoShift.csproj::TargetFramework=net9.0-maccatalyst]
C:\Users\nancy\source\repos\AutoShift\AutoShift\Views\VehiculosPage.xaml(164,56): XamlC warning XC0045: Binding: Property "BindingContext" not found on "AutoShift.Models.Vehiculo". [C:\Users\nancy\source\repos\AutoShift\AutoShift\AutoShift.csproj::TargetFramework=net9.0-maccatalyst]
C:\Users\nancy\source\repos\AutoShift\AutoShift\Views\MainClientePage.xaml(131,45): XamlC warning XC0045: Binding: Property "BindingContext" not found on "AutoShift.Models.Taller". [C:\Users\nancy\source\repos\AutoShift\AutoShift\AutoShift.csproj::TargetFramework=net9.0-ios]
C:\Users\nancy\source\repos\AutoShift\AutoShift\Views\VehiculosPage.xaml(160,56): XamlC warning XC0045: Binding: Property "BindingContext" not found on "AutoShift.Models.Vehiculo". [C:\Users\nancy\source\repos\AutoShift\AutoShift\AutoShift.csproj::TargetFramework=net9.0-ios]
C:\Users\nancy\source\repos\AutoShift\AutoShift\Views\VehiculosPage.xaml(164,56): XamlC warning XC0045: Binding: Property "BindingContext" not found on "AutoShift.Models.Vehiculo". [C:\Users\nancy\source\repos\AutoShift\AutoShift\AutoShift.csproj::TargetFramework=net9.0-ios]
C:\Users\nancy\source\repos\AutoShift\AutoShift\Views\CotizacionPage.xaml(133,9): XamlC warning XC0045: Binding: Property "BindingContext" not found on "AutoShift.Models.DetalleServicio". [C:\Users\nancy\source\repos\AutoShift\AutoShift\AutoShift.csproj::TargetFramework=net9.0-android]
C:\Users\nancy\source\repos\AutoShift\AutoShift\Views\DiagnosticoPage.xaml(114,73): XamlC warning XC0045: Binding: Property "BindingContext" not found on "AutoShift.Models.Taller". [C:\Users\nancy\source\repos\AutoShift\AutoShift\AutoShift.csproj::TargetFramework=net9.0-android]
C:\Users\nancy\source\repos\AutoShift\AutoShift\Views\MainClientePage.xaml(131,45): XamlC warning XC0045: Binding: Property "BindingContext" not found on "AutoShift.Models.Taller". [C:\Users\nancy\source\repos\AutoShift\AutoShift\AutoShift.csproj::TargetFramework=net9.0-android]
C:\Users\nancy\source\repos\AutoShift\AutoShift\Views\CotizacionPage.xaml(133,9): XamlC warning XC0045: Binding: Property "BindingContext" not found on "AutoShift.Models.DetalleServicio". [C:\Users\nancy\source\repos\AutoShift\AutoShift\AutoShift.csproj::TargetFramework=net9.0-windows10.0.19041.0]
C:\Users\nancy\source\repos\AutoShift\AutoShift\Views\DiagnosticoPage.xaml(114,73): XamlC warning XC0045: Binding: Property "BindingContext" not found on "AutoShift.Models.Taller". [C:\Users\nancy\source\repos\AutoShift\AutoShift\AutoShift.csproj::TargetFramework=net9.0-windows10.0.19041.0]
C:\Users\nancy\source\repos\AutoShift\AutoShift\Views\VehiculosPage.xaml(160,56): XamlC warning XC0045: Binding: Property "BindingContext" not found on "AutoShift.Models.Vehiculo". [C:\Users\nancy\source\repos\AutoShift\AutoShift\AutoShift.csproj::TargetFramework=net9.0-android]
C:\Users\nancy\source\repos\AutoShift\AutoShift\Views\VehiculosPage.xaml(164,56): XamlC warning XC0045: Binding: Property "BindingContext" not found on "AutoShift.Models.Vehiculo". [C:\Users\nancy\source\repos\AutoShift\AutoShift\AutoShift.csproj::TargetFramework=net9.0-android]
C:\Users\nancy\source\repos\AutoShift\AutoShift\Views\MainClientePage.xaml(131,45): XamlC warning XC0045: Binding: Property "BindingContext" not found on "AutoShift.Models.Taller". [C:\Users\nancy\source\repos\AutoShift\AutoShift\AutoShift.csproj::TargetFramework=net9.0-windows10.0.19041.0]
C:\Users\nancy\source\repos\AutoShift\AutoShift\Views\VehiculosPage.xaml(160,56): XamlC warning XC0045: Binding: Property "BindingContext" not found on "AutoShift.Models.Vehiculo". [C:\Users\nancy\source\repos\AutoShift\AutoShift\AutoShift.csproj::TargetFramework=net9.0-windows10.0.19041.0]
C:\Users\nancy\source\repos\AutoShift\AutoShift\Views\VehiculosPage.xaml(164,56): XamlC warning XC0045: Binding: Property "BindingContext" not found on "AutoShift.Models.Vehiculo". [C:\Users\nancy\source\repos\AutoShift\AutoShift\AutoShift.csproj::TargetFramework=net9.0-windows10.0.19041.0]
C:\Users\nancy\source\repos\AutoShift\AutoShift\Views\MainTallerPage.xaml(46,14): XamlC error XC0000: Cannot resolve type "http://schemas.microsoft.com/dotnet/2022/maui/toolkit:toolkit:TabViewItem". [C:\Users\nancy\source\repos\AutoShift\AutoShift\AutoShift.csproj::TargetFramework=net9.0-maccatalyst]
C:\Users\nancy\source\repos\AutoShift\AutoShift\Views\MisSolicitudesPage.xaml(21,14): XamlC error XC0000: Cannot resolve type "http://schemas.microsoft.com/dotnet/2022/maui/toolkit:toolkit:TabViewItem". [C:\Users\nancy\source\repos\AutoShift\AutoShift\AutoShift.csproj::TargetFramework=net9.0-maccatalyst]
C:\Users\nancy\source\repos\AutoShift\AutoShift\Views\MainTallerPage.xaml(46,14): XamlC error XC0000: Cannot resolve type "http://schemas.microsoft.com/dotnet/2022/maui/toolkit:toolkit:TabViewItem". [C:\Users\nancy\source\repos\AutoShift\AutoShift\AutoShift.csproj::TargetFramework=net9.0-ios]
C:\Users\nancy\source\repos\AutoShift\AutoShift\Views\MisSolicitudesPage.xaml(21,14): XamlC error XC0000: Cannot resolve type "http://schemas.microsoft.com/dotnet/2022/maui/toolkit:toolkit:TabViewItem". [C:\Users\nancy\source\repos\AutoShift\AutoShift\AutoShift.csproj::TargetFramework=net9.0-ios]
C:\Users\nancy\source\repos\AutoShift\AutoShift\Views\MainTallerPage.xaml(46,14): XamlC error XC0000: Cannot resolve type "http://schemas.microsoft.com/dotnet/2022/maui/toolkit:toolkit:TabViewItem". [C:\Users\nancy\source\repos\AutoShift\AutoShift\AutoShift.csproj::TargetFramework=net9.0-android]
C:\Users\nancy\source\repos\AutoShift\AutoShift\Views\MisSolicitudesPage.xaml(21,14): XamlC error XC0000: Cannot resolve type "http://schemas.microsoft.com/dotnet/2022/maui/toolkit:toolkit:TabViewItem". [C:\Users\nancy\source\repos\AutoShift\AutoShift\AutoShift.csproj::TargetFramework=net9.0-android]
C:\Users\nancy\source\repos\AutoShift\AutoShift\Views\MainTallerPage.xaml(46,14): XamlC error XC0000: Cannot resolve type "http://schemas.microsoft.com/dotnet/2022/maui/toolkit:toolkit:TabViewItem". [C:\Users\nancy\source\repos\AutoShift\AutoShift\AutoShift.csproj::TargetFramework=net9.0-windows10.0.19041.0]
C:\Users\nancy\source\repos\AutoShift\AutoShift\Views\MisSolicitudesPage.xaml(21,14): XamlC error XC0000: Cannot resolve type "http://schemas.microsoft.com/dotnet/2022/maui/toolkit:toolkit:TabViewItem". [C:\Users\nancy\source\repos\AutoShift\AutoShift\AutoShift.csproj::TargetFramework=net9.0-windows10.0.19041.0]
    20 Advertencia(s)
    8 Errores

Tiempo transcurrido 00:00:09.86
